---
source: crates/vespertide-exporter/src/tests/mod.rs
assertion_line: 172
expression: rendered
---
model OrderItems {
  order_id Int
  order Orders @relation(fields: [order_id], references: [id])
  product_id Int
  product Products @relation(fields: [product_id], references: [id])
  quantity Int

  @@id([order_id, product_id])
  @@unique([order_id, product_id], map: "uq_order_items__order_product")
  @@index([order_id], map: "ix_order_items__order_id")
  @@map("order_items")
}
