---
source: crates/vespertide-exporter/src/django/mod.rs
assertion_line: 258
expression: result
---
from __future__ import annotations

from django.utils import timezone
from django.db import models


class Events(models.Model):
    id = models.AutoField()
    created_at = models.DateTimeField(default=timezone.now)
    count = models.IntegerField(default=0)

    class Meta:
        db_table = "events"
